2026-07-17 12:17:28 - Starting C:\Program Files\nodejs\node.exe  --harmony D:\AOi_check_sheet\server\node_modules\node-windows\lib\wrapper.js --file d:\AOi_check_sheet\server\server.js --scriptoptions= --log "AOI_Digital_Checksheet wrapper" --grow 0.25 --wait 1 --maxrestarts 3 --abortonerror n --stopparentfirst undefined
2026-07-17 12:17:28 - Started 6928
2026-07-17 13:52:36 - Stopping aoi_digital_checksheet.exe
2026-07-17 13:52:36 - ProcessKill 6928
2026-07-17 13:52:36 - Found child process: 8900 Name: conhost.exe
2026-07-17 13:52:36 - Found child process: 10992 Name: node.exe
2026-07-17 13:52:36 - Stopping process 8900
2026-07-17 13:52:36 - Send SIGINT 8900
2026-07-17 13:52:36 - SIGINT to 8900 failed - Killing as fallback
2026-07-17 13:52:36 - Stopping process 10992
2026-07-17 13:52:36 - Send SIGINT 10992
2026-07-17 13:52:36 - SIGINT to 10992 failed - Killing as fallback
2026-07-17 13:52:36 - Stopping process 6928
2026-07-17 13:52:36 - Send SIGINT 6928
2026-07-17 13:52:36 - SIGINT to 6928 failed - Killing as fallback
2026-07-17 13:52:36 - Finished aoi_digital_checksheet.exe
2026-07-17 13:52:37 - Starting C:\Program Files\nodejs\node.exe  --harmony D:\AOi_check_sheet\server\node_modules\node-windows\lib\wrapper.js --file d:\AOi_check_sheet\server\server.js --scriptoptions= --log "AOI_Digital_Checksheet wrapper" --grow 0.25 --wait 1 --maxrestarts 3 --abortonerror n --stopparentfirst undefined
2026-07-17 13:52:37 - Started 12880
2026-07-17 13:52:48 - Starting C:\Program Files\nodejs\node.exe  --harmony D:\AOi_check_sheet\server\node_modules\node-windows\lib\wrapper.js --file d:\AOi_check_sheet\server\server.js --scriptoptions= --log "AOI_Digital_Checksheet wrapper" --grow 0.25 --wait 1 --maxrestarts 3 --abortonerror n --stopparentfirst undefined
2026-07-17 13:52:48 - Started 6232
2026-07-17 13:53:21 - Starting C:\Program Files\nodejs\node.exe  --harmony D:\AOi_check_sheet\server\node_modules\node-windows\lib\wrapper.js --file d:\AOi_check_sheet\server\server.js --scriptoptions= --log "AOI_Digital_Checksheet wrapper" --grow 0.25 --wait 1 --maxrestarts 3 --abortonerror n --stopparentfirst undefined
2026-07-17 13:53:21 - Started 7460
2026-07-17 13:53:35 - Starting C:\Program Files\nodejs\node.exe  --harmony D:\AOi_check_sheet\server\node_modules\node-windows\lib\wrapper.js --file d:\AOi_check_sheet\server\server.js --scriptoptions= --log "AOI_Digital_Checksheet wrapper" --grow 0.25 --wait 1 --maxrestarts 3 --abortonerror n --stopparentfirst undefined
2026-07-17 13:53:35 - Started 9968
2026-07-17 13:54:51 - Starting C:\Program Files\nodejs\node.exe  --harmony D:\AOi_check_sheet\server\node_modules\node-windows\lib\wrapper.js --file d:\AOi_check_sheet\server\server.js --scriptoptions= --log "AOI_Digital_Checksheet wrapper" --grow 0.25 --wait 1 --maxrestarts 3 --abortonerror n --stopparentfirst undefined
2026-07-17 13:54:51 - Started 12604
2026-07-17 15:40:43 - Stopping aoi_digital_checksheet.exe
2026-07-17 15:40:43 - ProcessKill 12604
2026-07-17 15:40:43 - Found child process: 11408 Name: conhost.exe
2026-07-17 15:40:43 - Found child process: 9152 Name: node.exe
2026-07-17 15:40:43 - Stopping process 11408
2026-07-17 15:40:43 - Send SIGINT 11408
2026-07-17 15:40:43 - SIGINT to 11408 failed - Killing as fallback
2026-07-17 15:40:43 - Stopping process 9152
2026-07-17 15:40:43 - Send SIGINT 9152
2026-07-17 15:40:43 - SIGINT to 9152 failed - Killing as fallback
2026-07-17 15:40:43 - Stopping process 12604
2026-07-17 15:40:43 - Send SIGINT 12604
2026-07-17 15:40:43 - SIGINT to 12604 failed - Killing as fallback
2026-07-17 15:40:43 - Finished aoi_digital_checksheet.exe
2026-07-17 15:40:46 - Starting C:\Program Files\nodejs\node.exe  --harmony D:\AOi_check_sheet\server\node_modules\node-windows\lib\wrapper.js --file d:\AOi_check_sheet\server\server.js --scriptoptions= --log "AOI_Digital_Checksheet wrapper" --grow 0.25 --wait 1 --maxrestarts 3 --abortonerror n --stopparentfirst undefined
2026-07-17 15:40:46 - Started 9668
2026-07-17 15:44:55 - Stopping aoi_digital_checksheet.exe
2026-07-17 15:44:55 - ProcessKill 9668
2026-07-17 15:44:56 - Found child process: 6116 Name: conhost.exe
2026-07-17 15:44:56 - Found child process: 6348 Name: node.exe
2026-07-17 15:44:56 - Stopping process 6116
2026-07-17 15:44:56 - Send SIGINT 6116
2026-07-17 15:44:56 - SIGINT to 6116 failed - Killing as fallback
2026-07-17 15:44:56 - Stopping process 6348
2026-07-17 15:44:56 - Send SIGINT 6348
2026-07-17 15:44:56 - SIGINT to 6348 failed - Killing as fallback
2026-07-17 15:44:56 - Stopping process 9668
2026-07-17 15:44:56 - Send SIGINT 9668
2026-07-17 15:44:56 - SIGINT to 9668 failed - Killing as fallback
2026-07-17 15:44:56 - Finished aoi_digital_checksheet.exe
2026-07-17 15:44:58 - Starting C:\Program Files\nodejs\node.exe  --harmony D:\AOi_check_sheet\server\node_modules\node-windows\lib\wrapper.js --file d:\AOi_check_sheet\server\server.js --scriptoptions= --log "AOI_Digital_Checksheet wrapper" --grow 0.25 --wait 1 --maxrestarts 3 --abortonerror n --stopparentfirst undefined
2026-07-17 15:44:58 - Started 10296
2026-08-07 18:47:04 - Stopping aoi_digital_checksheet.exe
2026-08-07 18:47:04 - ProcessKill 10208
2026-08-07 18:47:05 - Found child process: 7728 Name: conhost.exe
2026-08-07 18:47:05 - Found child process: 6524 Name: node.exe
2026-08-07 18:47:05 - Stopping process 7728
2026-08-07 18:47:05 - Send SIGINT 7728
2026-08-07 18:47:05 - SIGINT to 7728 failed - Killing as fallback
2026-08-07 18:47:05 - Stopping process 6524
2026-08-07 18:47:05 - Send SIGINT 6524
2026-08-07 18:47:05 - SIGINT to 6524 failed - Killing as fallback
2026-08-07 18:47:05 - Stopping process 10208
2026-08-07 18:47:05 - Send SIGINT 10208
2026-08-07 18:47:05 - SIGINT to 10208 failed - Killing as fallback
2026-08-07 18:47:05 - Finished aoi_digital_checksheet.exe
2026-08-07 18:47:10 - Starting C:\Program Files\nodejs\node.exe  --harmony D:\AOi_check_sheet\server\node_modules\node-windows\lib\wrapper.js --file d:\AOi_check_sheet\server\server.js --scriptoptions= --log "AOI_Digital_Checksheet wrapper" --grow 0.25 --wait 1 --maxrestarts 3 --abortonerror n --stopparentfirst undefined
2026-08-07 18:47:10 - Started 4972
2026-08-15 09:58:59 - Stopping aoi_digital_checksheet.exe
2026-08-15 09:58:59 - ProcessKill 4972
2026-08-15 09:58:59 - Shutdown exception
Message:系统正在关机。

Stacktrace:   在 System.Runtime.InteropServices.Marshal.ThrowExceptionForHRInternal(Int32 errorCode, IntPtr errorInfo)
   在 System.Management.ManagementScope.InitializeGuts(Object o)
   在 System.Management.ManagementScope.Initialize()
   在 System.Management.ManagementObjectSearcher.Initialize()
   在 System.Management.ManagementObjectSearcher.Get()
   在 winsw.WrapperService.GetChildPids(Int32 pid)
   在 winsw.WrapperService.StopProcessAndChildren(Int32 pid)
   在 winsw.WrapperService.StopIt()
   在 winsw.WrapperService.OnShutdown()
2026-08-16 00:02:16 - Starting C:\Program Files\nodejs\node.exe  --harmony D:\AOi_check_sheet\server\node_modules\node-windows\lib\wrapper.js --file d:\AOi_check_sheet\server\server.js --scriptoptions= --log "AOI_Digital_Checksheet wrapper" --grow 0.25 --wait 1 --maxrestarts 3 --abortonerror n --stopparentfirst undefined
2026-08-16 00:02:16 - Started 7204
2026-08-24 17:29:48 - Stopping aoi_digital_checksheet.exe
2026-08-24 17:29:48 - ProcessKill 7204
2026-08-24 17:29:48 - Found child process: 7268 Name: conhost.exe
2026-08-24 17:29:48 - Found child process: 8080 Name: node.exe
2026-08-24 17:29:48 - Stopping process 7268
2026-08-24 17:29:48 - Send SIGINT 7268
2026-08-24 17:29:48 - SIGINT to 7268 failed - Killing as fallback
2026-08-24 17:29:48 - Stopping process 8080
2026-08-24 17:29:48 - Send SIGINT 8080
2026-08-24 17:29:48 - SIGINT to 8080 failed - Killing as fallback
2026-08-24 17:29:48 - Stopping process 7204
2026-08-24 17:29:48 - Send SIGINT 7204
2026-08-24 17:29:48 - SIGINT to 7204 failed - Killing as fallback
2026-08-24 17:29:48 - Finished aoi_digital_checksheet.exe
2026-08-24 17:29:49 - Starting C:\Program Files\nodejs\node.exe  --harmony D:\AOi_check_sheet\server\node_modules\node-windows\lib\wrapper.js --file d:\AOi_check_sheet\server\server.js --scriptoptions= --log "AOI_Digital_Checksheet wrapper" --grow 0.25 --wait 1 --maxrestarts 3 --abortonerror n --stopparentfirst undefined
2026-08-24 17:29:49 - Started 1624
2026-09-14 14:01:31 - Stopping aoi_digital_checksheet.exe
2026-09-14 14:01:31 - ProcessKill 1624
2026-09-14 14:01:31 - Found child process: 9928 Name: conhost.exe
2026-09-14 14:01:31 - Found child process: 5392 Name: node.exe
2026-09-14 14:01:31 - Stopping process 9928
2026-09-14 14:01:31 - Send SIGINT 9928
2026-09-14 14:01:31 - SIGINT to 9928 failed - Killing as fallback
2026-09-14 14:01:31 - Stopping process 5392
2026-09-14 14:01:31 - Send SIGINT 5392
2026-09-14 14:01:31 - SIGINT to 5392 failed - Killing as fallback
2026-09-14 14:01:31 - Stopping process 1624
2026-09-14 14:01:31 - Send SIGINT 1624
2026-09-14 14:01:31 - SIGINT to 1624 failed - Killing as fallback
2026-09-14 14:01:31 - Finished aoi_digital_checksheet.exe
2026-09-14 14:01:33 - Starting C:\Program Files\nodejs\node.exe  --harmony D:\AOi_check_sheet\server\node_modules\node-windows\lib\wrapper.js --file d:\AOi_check_sheet\server\server.js --scriptoptions= --log "AOI_Digital_Checksheet wrapper" --grow 0.25 --wait 1 --maxrestarts 3 --abortonerror n --stopparentfirst undefined
2026-09-14 14:01:33 - Started 8792
2026-09-14 14:04:15 - Starting C:\Program Files\nodejs\node.exe  --harmony D:\AOi_check_sheet\server\node_modules\node-windows\lib\wrapper.js --file d:\AOi_check_sheet\server\server.js --scriptoptions= --log "AOI_Digital_Checksheet wrapper" --grow 0.25 --wait 1 --maxrestarts 3 --abortonerror n --stopparentfirst undefined
2026-09-14 14:04:15 - Started 2432
